// Jest Snapshot v1, https://goo.gl/fbAQLP

exports[`renders Tinder 1`] = `
<View
  style={
    Array [
      Object {
        "alignItems": "center",
        "flexBasis": 0,
        "flexGrow": 1,
        "flexShrink": 1,
        "justifyContent": "center",
      },
    ]
  }
>
  <View>
    <ActivityIndicator
      animating={true}
      color="#999999"
      hidesWhenStopped={true}
      size="small"
    />
  </View>
</View>
`;
